# conditions store snapshot (internal/conditions)
# Built 2026-09-12 from PRE-migration code. The *_actee rows record what the
# HOLDER is sent: for start and end that is StartUserNotice / EndUserNotice (authored
# line, else the generic fallback, else nothing for a secret condition). A row exists only
# when the sent line is non-empty. authored_start_line is the raw start_actee of a
# silent-start condition, recorded for every silent-start condition whether or not a site sends it
# today: sleep (15), arrest (88), stun (84) and broken limb (83) have a sender; throttled
# (89) does not, its move narrates the choke itself.
# dimensions: condition id x authored key; source only, conditions never know a target

condition|0|start_actee => You sit down and begin your meditation.
condition|0|start_observer => <ansi fg="username">Aliceia</ansi> sits down and begins to meditate.
condition|0|trigger_actee => You continue your meditation...
condition|0|trigger_observer => <ansi fg="username">Aliceia</ansi> continues meditating.
condition|0|end_actee => Your meditation ends and you slip away from the realm.
condition|1|start_actee => A warm glow surrounds you.
condition|1|start_observer => A warm glow surrounds Aliceia.
condition|1|end_actee => Your glow fades away.
condition|1|end_observer => The glow surrounding Aliceia fades away.
condition|2|start_actee => <ansi fg="yellow">You are stunned! You cannot attack.</ansi>
condition|2|start_observer => Aliceia staggers, dazed!
condition|2|end_actee => <ansi fg="green">You shake off the stun.</ansi>
condition|3|start_actee => <ansi fg="yellow">Your vision goes dark. You have been blinded!</ansi>
condition|3|start_observer => Aliceia claws at their eyes, blinded!
condition|3|end_actee => <ansi fg="green">Your vision slowly returns to normal.</ansi>
condition|5|start_actee => The compress warms against your skin as the herbs do their work.
condition|5|end_actee => The poultice's warmth fades.
condition|6|start_actee => The bitter draught burns going down, then spreads warmth through your legs.
condition|6|trigger_actee => The draught restores your vigor.
condition|6|end_actee => The draught's effect fades.
condition|7|start_actee => The sharp draught clears your thoughts as you swallow it.
condition|7|trigger_actee => The draught steadies your resolve.
condition|7|end_actee => The draught's clarity fades.
condition|9|start_actee => You feel sneaky.
condition|9|start_observer => Aliceia disappears into the shadows.
condition|9|end_observer => Aliceia emerges from the shadows.
condition|15|end_actee => You stir and wake.
condition|15|authored_start_line => You lie down and let sleep take you.
condition|24|start_actee => You are weak and shaking as you recover from dying.
condition|24|end_actee => You have recovered from dying and feel steady again.
condition|25|start_actee => A dark shadow clings to you and dulls your senses.
condition|25|end_actee => The dark shadow lifts and your senses come back.
condition|26|start_actee => Conviction surges through your limbs, empowering your strikes.
condition|26|end_actee => The surge of conviction fades from your limbs.
condition|27|start_actee => Your mind hardens like iron, resolute and unyielding.
condition|27|end_actee => The iron resolve in your mind softens back to normal.
condition|28|start_actee => Chrysalis energy floods your nerves — everything feels faster.
condition|28|end_actee => The Chrysalis haste fades and your movements return to normal.
condition|29|start_actee => Your eyes sharpen for faint light.
condition|29|start_observer => <ansi fg="username">Aliceia</ansi>'s eyes widen and catch the faint light.
condition|29|end_actee => Your eyes lose their edge for faint light.
condition|29|end_observer => The faint light leaves <ansi fg="username">Aliceia</ansi>'s eyes.
condition|30|start_actee => Your muscles twitch uncontrollably as nerve signals misfire.
condition|30|end_actee => Your nerves settle and control returns to your limbs.
condition|31|start_actee => You wrap yourself in a psionic shroud, fading from perception.
condition|31|start_observer => <ansi fg="username">Aliceia</ansi> seems to shimmer and fade from view.
condition|31|end_observer => <ansi fg="username">Aliceia</ansi> shimmers back into view.
condition|32|start_actee => Chrysalis energy suffuses your body with a warm, mending pulse.
condition|32|trigger_actee => The vital surge mends your wounds.
condition|32|end_actee => The vital surge fades.
condition|33|start_actee => Deep Chrysalis energy wraps around you, accelerating your body's healing.
condition|33|trigger_actee => Chrysalis energy knits your wounds closed.
condition|33|end_actee => The Chrysalis regeneration fades.
condition|34|start_actee => Your mind opens and sharpens — every action feels more instructive.
condition|34|end_actee => The heightened attunement fades from your mind.
condition|35|start_actee => Chrysalis energy surges through your cells, accelerating mutation.
condition|35|end_actee => The mutagenic catalyst fades from your system.
condition|36|start_actee => A psionic anchor locks onto your mind, rooting you in place!
condition|36|end_actee => The psychic anchor releases its grip on your mind.
condition|37|start_actee => Your senses explode with input — everything is too bright, too loud!
condition|37|end_actee => The sensory overload subsides and your senses normalize.
condition|38|start_actee => Solidified conviction wraps around your body like armor.
condition|38|start_observer => <ansi fg="username">Aliceia</ansi> is encased in a shimmering layer of conviction.
condition|38|end_actee => The conviction armor fades from your body.
condition|39|start_actee => You feel venom seeping into your bloodstream!
condition|39|start_observer => <ansi fg="username">Aliceia</ansi> winces as venom takes hold.
condition|39|trigger_actee => Poison burns through your veins.
condition|39|trigger_observer => <ansi fg="username">Aliceia</ansi> shudders as venom courses through them.
condition|39|end_actee => The venom finally subsides, leaving you weakened.
condition|40|start_actee => A cloud of toxic spores engulfs you!
condition|40|start_observer => <ansi fg="username">Aliceia</ansi> is enveloped in a cloud of choking spores.
condition|40|trigger_actee => Toxic spores eat at your flesh.
condition|40|trigger_observer => <ansi fg="username">Aliceia</ansi> winces as fungal toxin spreads.
condition|40|end_actee => You finally cough up the last of the spores.
condition|41|start_actee => A thick fog descends over your thoughts...
condition|41|end_actee => The fog lifts from your mind and clarity returns.
condition|42|start_actee => The warm meal settles in your belly and your aches ease.
condition|42|end_actee => The comfort of the meal fades from your belly.
condition|43|start_actee => The hearty food works through you and your vigour returns.
condition|43|end_actee => The vigour from the food ebbs away.
condition|44|start_actee => The drink cools your thoughts and steadies your spirit.
condition|44|end_actee => The clear feeling in your mind fades.
condition|45|start_actee => You are full and hale, and it shows in how you stand.
condition|45|end_actee => You are no longer full, and hunger is not far off.
condition|46|start_actee => The stiff drink loosens your tongue and steadies your nerve.
condition|46|end_actee => The liquid courage wears off and you feel shy again.
condition|47|start_actee => The bitter draught burns your throat but you feel poisons loosening their grip.
condition|47|start_observer => <ansi fg="username">Aliceia</ansi> grimaces as they swallow an antidote.
condition|47|trigger_actee => The antidote soothes your body.
condition|47|end_actee => The antidote has run its course.
condition|48|start_actee => The tonic sharpens your thoughts to a razor's edge.
condition|48|start_observer => <ansi fg="username">Aliceia</ansi>'s eyes brighten with renewed focus.
condition|48|end_actee => The mental clarity fades, leaving your thoughts slightly muddled.
condition|49|start_actee => A warm tingling spreads through your body as you become more resistant to heat.
condition|49|start_observer => <ansi fg="username">Aliceia</ansi>'s skin takes on a faint reddish hue.
condition|49|end_actee => The protective warmth fades from your skin.
condition|50|start_actee => The poultice floods your body with deep, restorative warmth.
condition|50|start_observer => <ansi fg="username">Aliceia</ansi> sighs with relief as herbs do their work.
condition|50|trigger_actee => Healing energy suffuses your body.
condition|50|end_actee => The deep warmth of the poultice fades away.
condition|51|start_actee => Raw power surges through your muscles as the elixir takes hold. Your hands tremble with barely contained fury.
condition|51|start_observer => <ansi fg="username">Aliceia</ansi>'s muscles bulge and veins stand out as a wild look enters their eyes.
condition|51|end_actee => The berserker rage subsides, leaving you feeling drained but steady.
condition|52|start_actee => A Chrysalis sheen settles over your skin like a shell.
condition|52|start_observer => <ansi fg="username">Aliceia</ansi> takes on a faint sheen, like a shell.
condition|52|end_actee => The Chrysalis sheen flakes away from your skin.
condition|52|end_observer => The sheen over <ansi fg="username">Aliceia</ansi> flakes away.
condition|53|start_actee => Your sight pierces the Veil and hidden things show.
condition|53|end_actee => The Veil closes again and hidden things slip away.
condition|54|start_actee => Warmth spreads as the salve knits your wounds closed.
condition|54|end_actee => The warmth of the healing salve fades.
condition|55|start_actee => Your breath steadies as the tonic surges through you.
condition|55|end_actee => The tonic wears off and your breath comes hard again.
condition|56|start_actee => Purpose sharpens your focus as the draught takes hold.
condition|56|end_actee => The certainty of the draught fades from your mind.
condition|57|start_actee => Fire spreads in your veins and your aches burn away.
condition|57|end_actee => The fire cools and your muscles begin to ache again.
condition|58|start_actee => The Preacher's Tincture settles a calm certainty over you.
condition|58|end_actee => The calm lifts and your worries settle back in.
condition|59|start_actee => Your lungs open wide, as if you could run for hours.
condition|59|end_actee => Your chest tightens and the easy breathing is gone.
condition|60|start_actee => You feel restored, as if waking from perfect sleep.
condition|60|end_actee => The renewal fades and you feel your own aches again.
condition|61|start_actee => Your skin toughens like bark and your joints stiffen.
condition|61|end_actee => Your skin softens again and your joints move freely.
condition|62|start_actee => A shell of clarity blunts magic, but your arms feel heavy.
condition|62|end_actee => The shell of clarity dissolves and your arms lighten.
condition|63|start_actee => A bitter film blunts spoken power and dulls your senses.
condition|63|end_actee => The bitter film dissolves and your senses sharpen.
condition|64|start_actee => Nothing could turn your stomach now, but you feel slow.
condition|64|end_actee => Your stomach is ordinary again and your reflexes return.
condition|65|start_actee => Your eyes catch dim light and moonlight like a cat's. Hidden things reveal themselves, but you feel weak.
condition|65|start_observer => <ansi fg="username">Aliceia</ansi>'s eyes catch the light like a cat's.
condition|65|end_actee => Your eyes lose their cat-like sharpness. The hidden things vanish, and your strength returns.
condition|65|end_observer => The glint fades from <ansi fg="username">Aliceia</ansi>'s eyes.
condition|66|start_actee => The world slows as your reflexes sharpen, but you tire.
condition|66|end_actee => The world speeds up again and you feel ordinary.
condition|67|start_actee => Raw fury floods your muscles and narrows the world.
condition|67|end_actee => The fury drains away and leaves you spent.
condition|68|start_actee => Words come easily now, each one landing where you aim.
condition|68|end_actee => Your words lose their edge and your strength returns.
condition|69|start_actee => Your senses sharpen and you see each blow coming.
condition|69|end_actee => The battle trance breaks and the fight blurs again.
condition|70|start_actee => Your body convulses and expels everything inside you.
condition|70|end_actee => The convulsions stop and your body is your own.
condition|71|start_actee => Your body hums with potential and learns as you move.
condition|71|end_actee => The hum of potential fades from your body.
condition|72|start_actee => Knowledge settles faster now, and patterns stand out.
condition|72|end_actee => The infusion wears off and learning feels slow again.
condition|73|start_actee => Something shifts deep inside you, quiet and certain.
condition|73|end_actee => The shifting inside you settles and goes still.
condition|74|start_actee => Chrysalis energy rewrites something deep in your bones.
condition|74|end_actee => The Chrysalis energy settles and your bones go quiet.
condition|75|start_actee => Your stomach heaves and your vision swims.
condition|75|end_actee => The nausea passes and your stomach settles.
condition|76|start_actee => Everything in you aches in the wake of the purge.
condition|76|end_actee => The aching from the purge fades away.
condition|77|start_actee => A searing flash takes your sight and leaves only glare.
condition|77|end_actee => Your sight clears and shapes come back to you.
condition|78|start_actee => A cloud of choking fumes engulfs you!
condition|78|start_observer => <ansi fg="username">Aliceia</ansi> is engulfed in a cloud of toxic fumes.
condition|78|trigger_actee => The toxic fumes sear your lungs.
condition|78|end_actee => The toxic cloud finally dissipates.
condition|79|end_actee => The fervor of the warcry fades from you.
condition|80|end_actee => The strength of the rally drains from you.
condition|82|start_actee => Your hands go perfectly still and every motion is exact.
condition|82|end_actee => A faint tremor returns to your hands.
condition|83|end_actee => <ansi fg="green">The ache in your limb finally fades. You can move at full strength again.</ansi>
condition|83|authored_start_line => <ansi fg="red">You feel the wrench of a broken limb. Sharp pain will follow every motion until it heals.</ansi>
condition|84|end_actee => <ansi fg="green">You shake off the stun and regain your composure.</ansi>
condition|84|authored_start_line => <ansi fg="red">The submission's pressure leaves you stunned, unable to react.</ansi>
condition|86|start_actee => You commit the trail to memory and steady your senses.
condition|86|end_actee => Your focus on the trail breaks.
condition|87|start_actee => You fall into your quarry's wake, footfalls silenced to match theirs.
condition|87|end_actee => Your focus on the quarry breaks.
condition|88|end_actee => The cell door swings open. You are free to go.
condition|88|authored_start_line => The cell door clangs shut behind you. You are held here until your sentence is served or your fine is paid.
condition|89|end_actee => The grip releases and you gasp air into your chest.
condition|89|authored_start_line => A grip closes on your throat and crushes your breath.
condition|90|start_actee => The world falls away. A slow warmth floods from your center outward -- every ache dissolves, every edge softens. You feel capable of anything.
condition|90|end_actee => The warmth recedes, leaving a hollow ache in its wake. The world feels harder-edged than it did before.
condition|91|start_actee => The communion ends. Your body feels suddenly heavy, your thoughts thick and gray. You are left with the crash.
condition|91|end_actee => The worst of the crash passes, though you still feel wrung out.
condition|92|start_actee => The need for Bloom rises like a tide -- your hands shake, your mouth is dry, and your thoughts keep circling back to the wafer and its warmth.
condition|92|end_actee => The craving subsides, for now.
condition|93|end_actee => The worst of the purge passes. You are wrung out and hollow, but the Bloom's grip on you has slipped.
condition|94|start_actee => The air over the buried surface crawls, and a cold shock jolts up through you.
condition|94|start_observer => <ansi fg="username">Aliceia</ansi> jerks as the ground arcs against them.
condition|94|trigger_actee => A cold arc bites up through you.
condition|94|trigger_observer => <ansi fg="username">Aliceia</ansi> shudders as the ground arcs against them.
condition|94|end_actee => The stinging in your bones fades, for now.
condition|95|start_actee => The buried place presses your gift down and holds it.
condition|95|end_actee => The pressure lifts and your gift stirs awake again.
condition|96|start_actee => The dead metal wakes just enough to hate you, and a hard arc slams up through your bones.
condition|96|start_observer => <ansi fg="username">Aliceia</ansi> convulses as the dead metal arcs against them.
condition|96|trigger_actee => A savage arc bites up through you.
condition|96|trigger_observer => <ansi fg="username">Aliceia</ansi> shudders as the dead metal arcs against them.
condition|96|end_actee => The arcing fades, for now.
condition|97|start_actee => Something you crossed was still armed. A ward discharges in a white lash and the pain arrives a half-beat later.
condition|97|start_observer => <ansi fg="username">Aliceia</ansi> trips a dormant ward and the corridor flares white.
condition|97|trigger_actee => The ward's charge crawls through you again.
condition|97|trigger_observer => <ansi fg="username">Aliceia</ansi> spasms as the ward's charge finds them.
condition|97|end_actee => The seared feeling dulls.
condition|98|start_actee => The treads pulse, and the world slows around your stride.
condition|98|end_actee => Your stride settles back to mortal pace.
condition|100|start_actee => The world goes red. Something in you comes off its chain.
condition|100|start_observer => <ansi fg="username">Aliceia</ansi>'s eyes go wide and bloodshot, and a low snarl builds in their throat.
condition|100|end_actee => The red haze recedes, and your limbs sag with the ebb of it.
condition|101|start_actee => You stand a little taller. Someone at your side is worth following.
condition|101|end_actee => The steadying presence fades, and the fight feels lonelier.
condition|102|start_actee => A grinding dissonance fills your skull and your aim wanders.
condition|102|start_observer => <ansi fg="username">Aliceia</ansi> shudders as a grinding resonance sets their teeth on edge.
condition|102|end_actee => The dissonance fades and your aim steadies.
condition|102|end_observer => The dissonance around <ansi fg="username">Aliceia</ansi> fades.
condition|103|start_actee => You flex, and a slick sheen of venom weeps across your weapons. Every blow will bite deeper now.
condition|103|end_actee => The last of the venom dries and flakes away from your weapons.
condition|104|start_actee => You fold inward and a hard, translucent shell snaps shut around you. The world's blows dull to distant taps.
condition|104|end_actee => Your shell splits and sloughs away, and the world rushes back in.
condition|105|start_actee => You feel your bond-master's will surge through you.
condition|105|end_actee => The bond's strength ebbs away.
condition|106|start_actee => Molten backlash splashes across you and clings, searing!
condition|106|start_observer => Aliceia recoils, skin blistering with molten backlash.
condition|106|trigger_actee => The clinging heat burns deeper.
condition|106|trigger_observer => Aliceia grimaces as the molten residue burns on.
condition|106|end_actee => The searing heat finally fades from your skin.
condition|107|start_actee => Numbing frost creeps into your limbs, stiffening them.
condition|107|start_observer => Aliceia stiffens as frost bites into their limbs.
condition|107|end_actee => Warmth returns and the frost releases your limbs.
condition|108|start_actee => A jolt snaps through you, scrambling your nerves.
condition|108|start_observer => Aliceia jerks as a charge arcs through them.
condition|108|end_actee => The buzzing charge drains away and your nerves settle.
condition|109|start_actee => Your blow rebounds off a skin of telekinetic force, and you stagger!
condition|109|start_observer => Aliceia staggers as their own blow rebounds on them.
condition|109|end_actee => You recover your footing.
condition|110|start_actee => Clinging residue smears across you, dragging at every move.
condition|110|start_observer => Aliceia flounders, limbs fouled with clinging residue.
condition|110|end_actee => The clinging residue finally flakes away.
condition|111|start_actee => Barbed tendrils erupt and coil around your limbs, rooting you fast!
condition|111|start_observer => Aliceia is snared by a mass of barbed, writhing tendrils.
condition|111|end_actee => The tendrils wither and release their grip.
condition|112|start_actee => Silk and dissonance drag at your limbs and your focus.
condition|112|start_observer => Aliceia slows, snared and reeling in a smothering field of silk and dissonance.
condition|112|end_actee => The field thins and your limbs move freely again.
condition|112|end_observer => The smothering field around <ansi fg="username">Aliceia</ansi> thins and lifts.
condition|113|start_actee => A radiant presence blazes at your side. You feel lifted beyond yourself.
condition|113|end_actee => The radiant presence dims, and you settle back into yourself.
condition|114|start_actee => A cold, watching malice settles over you. Your aim wavers and your guard sags.
condition|114|start_observer => Aliceia falters under an unseen, baleful gaze.
condition|114|end_actee => The watching malice lifts, and your focus returns.
condition|115|start_actee => Ragged claw-wounds tear open across you, bleeding freely!
condition|115|start_observer => Aliceia is raked open, blood welling from ragged claw-wounds.
condition|115|trigger_actee => Your torn wounds keep bleeding.
condition|115|end_actee => The bleeding finally slows and clots.
condition|116|start_actee => A primal dread rolls over you and every instinct says run.
condition|116|start_observer => Aliceia shrinks back, gripped by a sudden animal dread.
condition|116|end_actee => The dread loosens its grip on you.
condition|116|end_observer => The dread gripping <ansi fg="username">Aliceia</ansi> loosens.
condition|119|start_actor => Your conviction hardens into a ward around <ansi fg="username">Aliceia</ansi>.
condition|119|start_actee => A ward of hardened conviction settles around you.
condition|119|start_observer => A faint ward of conviction shimmers around <ansi fg="username">Aliceia</ansi>.
condition|119|end_actee => Your Conviction Ward fades.
condition|119|end_observer => The ward around <ansi fg="username">Aliceia</ansi> fades.
condition|120|end_actee => The healing magic in your wounds runs its course.
condition|121|trigger_actee => <ansi fg="green">The poison burns through your veins!</ansi>
condition|121|end_actee => The poison in your veins finally burns itself out.
condition|122|trigger_actee => <ansi fg="red">Blood seeps from your wounds!</ansi>
condition|122|end_actee => Your wounds stop bleeding.
condition|123|start_actee => The severed bond leaves a hollow in you that will take time to fill.
condition|123|end_actee => The hollow the severed bond left in you has finally closed.
condition|128|start_actee => Your eyes sharpen for faint light.
condition|128|start_observer => <ansi fg="username">Aliceia</ansi>'s eyes widen and catch the faint light.
condition|128|end_actee => Your eyes lose their edge for faint light.
condition|128|end_observer => The faint light leaves <ansi fg="username">Aliceia</ansi>'s eyes.
condition|129|start_actee => Warmth blooms into pale shapes wherever something lives.
condition|129|start_observer => A dull red sheen settles over <ansi fg="username">Aliceia</ansi>'s eyes.
condition|129|end_actee => The pale shapes of warmth fade from your sight.
condition|129|end_observer => The red sheen fades from <ansi fg="username">Aliceia</ansi>'s eyes.
condition|130|start_actee => A dull heat spreads behind your eyes, and living warmth shows as pale shapes.
condition|130|start_observer => A dull red sheen settles over <ansi fg="username">Aliceia</ansi>'s eyes.
condition|130|end_actee => The heat behind your eyes cools, and the pale shapes fade.
condition|130|end_observer => The red sheen fades from <ansi fg="username">Aliceia</ansi>'s eyes.
condition|131|start_actee => A pall of dark spores gathers around you.
condition|131|start_observer => A pall of dark spores gathers around Aliceia.
condition|131|end_actee => Your pall thins, and the light comes back.
condition|131|end_observer => The pall around Aliceia thins away.
condition|135|start_actor => Your belief rises into a bulwark around <ansi fg="username">Aliceia</ansi>.
condition|135|start_actee => A bulwark of belief rises around you.
condition|135|start_observer => A shimmering bulwark of belief rises around <ansi fg="username">Aliceia</ansi>.
condition|135|end_actee => Your Conviction Bulwark fades.
condition|135|end_observer => The bulwark around <ansi fg="username">Aliceia</ansi> fades.
condition|136|start_actor => Living Chrysalis weaves a cocoon around <ansi fg="username">Aliceia</ansi>.
condition|136|start_actee => Living Chrysalis weaves a cocoon around you.
condition|136|start_observer => Tendrils of living Chrysalis weave a cocoon around <ansi fg="username">Aliceia</ansi>.
condition|136|end_actee => Your Chrysalis Cocoon splits and flakes away.
condition|136|end_observer => The cocoon around <ansi fg="username">Aliceia</ansi> splits and flakes away.
condition|137|start_actor => Your healing magic settles gently into <ansi fg="username">Aliceia</ansi>'s wounds.
condition|137|start_actee => Gentle healing magic settles into your wounds.
condition|137|start_observer => A soft glow settles over <ansi fg="username">Aliceia</ansi>'s wounds.
condition|137|end_actee => The gentle healing in your wounds runs its course.
condition|138|start_actor => Your healing magic surges into <ansi fg="username">Aliceia</ansi>'s wounds.
condition|138|start_actee => Healing magic surges into your wounds.
condition|138|start_observer => A bright glow surges over <ansi fg="username">Aliceia</ansi>'s wounds.
condition|138|end_actee => The surge of healing in your wounds runs its course.
condition|139|start_actor => A light wash of your healing magic eases <ansi fg="username">Aliceia</ansi>'s wounds.
condition|139|start_actee => A light wash of healing magic eases your wounds.
condition|139|start_observer => A light wash of healing settles over <ansi fg="username">Aliceia</ansi>.
condition|139|end_actee => The light wash of healing fades from your wounds.
condition|140|start_actor => Your shared healing hums steadily through <ansi fg="username">Aliceia</ansi>.
condition|140|start_actee => A deep, steady healing hums through your body.
condition|140|start_observer => A steady green glow hums around <ansi fg="username">Aliceia</ansi>.
condition|140|end_actee => The steady healing hum in your body fades.
condition|141|start_actor => A tide of your healing magic washes over <ansi fg="username">Aliceia</ansi>.
condition|141|start_actee => A powerful tide of healing magic washes over you.
condition|141|start_observer => A tide of warm green light washes over <ansi fg="username">Aliceia</ansi>.
condition|141|end_actee => The tide of healing magic ebbs from your wounds.
condition|142|start_actor => Your arc-light starts welding <ansi fg="username">Aliceia</ansi>'s plating back together.
condition|142|start_actee => Arc-light starts welding your plating back together.
condition|142|start_observer => Hard blue-white arc-light welds <ansi fg="username">Aliceia</ansi>'s plating back together.
condition|142|end_actee => The arc-light welding your plating sputters out.
